2026-03-01T00:36:03.219-08:00  INFO 50559 --- [chatflow-server] [SpringApplicationShutdownHook] c.c.service.MessageConsumerService       : Shutting down MessageConsumerService...
2026-03-01T00:36:03.255-08:00  INFO 50559 --- [chatflow-server] [SpringApplicationShutdownHook] c.c.service.MessageConsumerService       : MessageConsumerService shut down. Consumed: 2, Failed: 0
2026-03-01T00:36:03.256-08:00  INFO 50559 --- [chatflow-server] [SpringApplicationShutdownHook] com.chatflow.service.ChannelPool         : Shutting down ChannelPool, closing 20 channels
2026-03-01T00:36:03.269-08:00  INFO 50559 --- [chatflow-server] [SpringApplicationShutdownHook] com.chatflow.config.RabbitMQConfig       : RabbitMQ connection closed
2026-03-01T00:36:03.280-08:00 DEBUG 50559 --- [chatflow-server] [SpringApplicationShutdownHook] s.w.s.h.LoggingWebSocketHandlerDecorator : Transport error in StandardWebSocketSession[id=5b0f00fb-69b8-6a0b-57c6-c6a6f3f48b68, uri=ws://localhost:8080/chat/1]

java.io.IOException: java.nio.channels.ClosedChannelException
	at org.apache.tomcat.websocket.WsRemoteEndpointImplBase.sendMessageBlock(WsRemoteEndpointImplBase.java:321) ~[tomcat-embed-websocket-10.1.16.jar:10.1.16]
	at org.apache.tomcat.websocket.WsRemoteEndpointImplBase.sendMessageBlock(WsRemoteEndpointImplBase.java:257) ~[tomcat-embed-websocket-10.1.16.jar:10.1.16]
	at org.apache.tomcat.websocket.WsSession.sendCloseMessage(WsSession.java:718) ~[tomcat-embed-websocket-10.1.16.jar:10.1.16]
	at org.apache.tomcat.websocket.WsSession.doClose(WsSession.java:587) ~[tomcat-embed-websocket-10.1.16.jar:10.1.16]
	at org.apache.tomcat.websocket.WsSession.doClose(WsSession.java:554) ~[tomcat-embed-websocket-10.1.16.jar:10.1.16]
	at org.apache.tomcat.websocket.WsSession.close(WsSession.java:542) ~[tomcat-embed-websocket-10.1.16.jar:10.1.16]
	at org.apache.tomcat.websocket.WsWebSocketContainer.destroy(WsWebSocketContainer.java:1019) ~[tomcat-embed-websocket-10.1.16.jar:10.1.16]
	at org.apache.tomcat.websocket.server.WsContextListener.contextDestroyed(WsContextListener.java:46) ~[tomcat-embed-websocket-10.1.16.jar:10.1.16]
	at org.apache.catalina.core.StandardContext.listenerStop(StandardContext.java:4466) ~[tomcat-embed-core-10.1.16.jar:10.1.16]
	at org.apache.catalina.core.StandardContext.stopInternal(StandardContext.java:5093) ~[tomcat-embed-core-10.1.16.jar:10.1.16]
	at org.apache.catalina.util.LifecycleBase.stop(LifecycleBase.java:242) ~[tomcat-embed-core-10.1.16.jar:10.1.16]
	at org.apache.catalina.core.ContainerBase$StopChild.call(ContainerBase.java:1348) ~[tomcat-embed-core-10.1.16.jar:10.1.16]
	at org.apache.catalina.core.ContainerBase$StopChild.call(ContainerBase.java:1337) ~[tomcat-embed-core-10.1.16.jar:10.1.16]
	at java.base/java.util.concurrent.FutureTask.run(FutureTask.java:317) ~[na:na]
	at org.apache.tomcat.util.threads.InlineExecutorService.execute(InlineExecutorService.java:75) ~[tomcat-embed-core-10.1.16.jar:10.1.16]
	at java.base/java.util.concurrent.AbstractExecutorService.submit(AbstractExecutorService.java:145) ~[na:na]
	at org.apache.catalina.core.ContainerBase.stopInternal(ContainerBase.java:931) ~[tomcat-embed-core-10.1.16.jar:10.1.16]
	at org.apache.catalina.util.LifecycleBase.stop(LifecycleBase.java:242) ~[tomcat-embed-core-10.1.16.jar:10.1.16]
	at org.apache.catalina.core.ContainerBase$StopChild.call(ContainerBase.java:1348) ~[tomcat-embed-core-10.1.16.jar:10.1.16]
	at org.apache.catalina.core.ContainerBase$StopChild.call(ContainerBase.java:1337) ~[tomcat-embed-core-10.1.16.jar:10.1.16]
	at java.base/java.util.concurrent.FutureTask.run(FutureTask.java:317) ~[na:na]
	at org.apache.tomcat.util.threads.InlineExecutorService.execute(InlineExecutorService.java:75) ~[tomcat-embed-core-10.1.16.jar:10.1.16]
	at java.base/java.util.concurrent.AbstractExecutorService.submit(AbstractExecutorService.java:145) ~[na:na]
	at org.apache.catalina.core.ContainerBase.stopInternal(ContainerBase.java:931) ~[tomcat-embed-core-10.1.16.jar:10.1.16]
	at org.apache.catalina.util.LifecycleBase.stop(LifecycleBase.java:242) ~[tomcat-embed-core-10.1.16.jar:10.1.16]
	at org.apache.catalina.core.StandardService.stopInternal(StandardService.java:496) ~[tomcat-embed-core-10.1.16.jar:10.1.16]
	at org.apache.catalina.util.LifecycleBase.stop(LifecycleBase.java:242) ~[tomcat-embed-core-10.1.16.jar:10.1.16]
	at org.apache.catalina.core.StandardServer.stopInternal(StandardServer.java:969) ~[tomcat-embed-core-10.1.16.jar:10.1.16]
	at org.apache.catalina.util.LifecycleBase.stop(LifecycleBase.java:242) ~[tomcat-embed-core-10.1.16.jar:10.1.16]
	at org.apache.catalina.startup.Tomcat.stop(Tomcat.java:498) ~[tomcat-embed-core-10.1.16.jar:10.1.16]
	at org.springframework.boot.web.embedded.tomcat.TomcatWebServer.stopTomcat(TomcatWebServer.java:277) ~[spring-boot-3.2.0.jar:3.2.0]
	at org.springframework.boot.web.embedded.tomcat.TomcatWebServer.destroy(TomcatWebServer.java:350) ~[spring-boot-3.2.0.jar:3.2.0]
	at org.springframework.boot.web.servlet.context.ServletWebServerApplicationContext.doClose(ServletWebServerApplicationContext.java:177) ~[spring-boot-3.2.0.jar:3.2.0]
	at org.springframework.context.support.AbstractApplicationContext.close(AbstractApplicationContext.java:1037) ~[spring-context-6.1.1.jar:6.1.1]
	at org.springframework.boot.SpringApplicationShutdownHook.closeAndWait(SpringApplicationShutdownHook.java:145) ~[spring-boot-3.2.0.jar:3.2.0]
	at java.base/java.lang.Iterable.forEach(Iterable.java:75) ~[na:na]
	at org.springframework.boot.SpringApplicationShutdownHook.run(SpringApplicationShutdownHook.java:114) ~[spring-boot-3.2.0.jar:3.2.0]
	at java.base/java.lang.Thread.run(Thread.java:1583) ~[na:na]
Caused by: java.nio.channels.ClosedChannelException: null
	at org.apache.tomcat.util.net.NioChannel$1.write(NioChannel.java:269) ~[tomcat-embed-core-10.1.16.jar:10.1.16]
	at org.apache.tomcat.util.net.NioEndpoint$NioSocketWrapper$NioOperationState.run(NioEndpoint.java:1635) ~[tomcat-embed-core-10.1.16.jar:10.1.16]
	at org.apache.tomcat.util.net.SocketWrapperBase$OperationState.start(SocketWrapperBase.java:1051) ~[tomcat-embed-core-10.1.16.jar:10.1.16]
	at org.apache.tomcat.util.net.SocketWrapperBase.vectoredOperation(SocketWrapperBase.java:1440) ~[tomcat-embed-core-10.1.16.jar:10.1.16]
	at org.apache.tomcat.util.net.SocketWrapperBase.write(SocketWrapperBase.java:1366) ~[tomcat-embed-core-10.1.16.jar:10.1.16]
	at org.apache.tomcat.util.net.SocketWrapperBase.write(SocketWrapperBase.java:1337) ~[tomcat-embed-core-10.1.16.jar:10.1.16]
	at org.apache.tomcat.websocket.server.WsRemoteEndpointImplServer.doWrite(WsRemoteEndpointImplServer.java:165) ~[tomcat-embed-websocket-10.1.16.jar:10.1.16]
	at org.apache.tomcat.websocket.WsRemoteEndpointImplBase.writeMessagePart(WsRemoteEndpointImplBase.java:516) ~[tomcat-embed-websocket-10.1.16.jar:10.1.16]
	at org.apache.tomcat.websocket.WsRemoteEndpointImplBase.sendMessageBlock(WsRemoteEndpointImplBase.java:308) ~[tomcat-embed-websocket-10.1.16.jar:10.1.16]
	... 37 common frames omitted

2026-03-01T00:36:03.284-08:00 ERROR 50559 --- [chatflow-server] [SpringApplicationShutdownHook] c.chatflow.handler.ChatWebSocketHandler  : Transport error | Session: 5b0f00fb-69b8-6a0b-57c6-c6a6f3f48b68

java.io.IOException: java.nio.channels.ClosedChannelException
	at org.apache.tomcat.websocket.WsRemoteEndpointImplBase.sendMessageBlock(WsRemoteEndpointImplBase.java:321) ~[tomcat-embed-websocket-10.1.16.jar:10.1.16]
	at org.apache.tomcat.websocket.WsRemoteEndpointImplBase.sendMessageBlock(WsRemoteEndpointImplBase.java:257) ~[tomcat-embed-websocket-10.1.16.jar:10.1.16]
	at org.apache.tomcat.websocket.WsSession.sendCloseMessage(WsSession.java:718) ~[tomcat-embed-websocket-10.1.16.jar:10.1.16]
	at org.apache.tomcat.websocket.WsSession.doClose(WsSession.java:587) ~[tomcat-embed-websocket-10.1.16.jar:10.1.16]
	at org.apache.tomcat.websocket.WsSession.doClose(WsSession.java:554) ~[tomcat-embed-websocket-10.1.16.jar:10.1.16]
	at org.apache.tomcat.websocket.WsSession.close(WsSession.java:542) ~[tomcat-embed-websocket-10.1.16.jar:10.1.16]
	at org.apache.tomcat.websocket.WsWebSocketContainer.destroy(WsWebSocketContainer.java:1019) ~[tomcat-embed-websocket-10.1.16.jar:10.1.16]
	at org.apache.tomcat.websocket.server.WsContextListener.contextDestroyed(WsContextListener.java:46) ~[tomcat-embed-websocket-10.1.16.jar:10.1.16]
	at org.apache.catalina.core.StandardContext.listenerStop(StandardContext.java:4466) ~[tomcat-embed-core-10.1.16.jar:10.1.16]
	at org.apache.catalina.core.StandardContext.stopInternal(StandardContext.java:5093) ~[tomcat-embed-core-10.1.16.jar:10.1.16]
	at org.apache.catalina.util.LifecycleBase.stop(LifecycleBase.java:242) ~[tomcat-embed-core-10.1.16.jar:10.1.16]
	at org.apache.catalina.core.ContainerBase$StopChild.call(ContainerBase.java:1348) ~[tomcat-embed-core-10.1.16.jar:10.1.16]
	at org.apache.catalina.core.ContainerBase$StopChild.call(ContainerBase.java:1337) ~[tomcat-embed-core-10.1.16.jar:10.1.16]
	at java.base/java.util.concurrent.FutureTask.run(FutureTask.java:317) ~[na:na]
	at org.apache.tomcat.util.threads.InlineExecutorService.execute(InlineExecutorService.java:75) ~[tomcat-embed-core-10.1.16.jar:10.1.16]
	at java.base/java.util.concurrent.AbstractExecutorService.submit(AbstractExecutorService.java:145) ~[na:na]
	at org.apache.catalina.core.ContainerBase.stopInternal(ContainerBase.java:931) ~[tomcat-embed-core-10.1.16.jar:10.1.16]
	at org.apache.catalina.util.LifecycleBase.stop(LifecycleBase.java:242) ~[tomcat-embed-core-10.1.16.jar:10.1.16]
	at org.apache.catalina.core.ContainerBase$StopChild.call(ContainerBase.java:1348) ~[tomcat-embed-core-10.1.16.jar:10.1.16]
	at org.apache.catalina.core.ContainerBase$StopChild.call(ContainerBase.java:1337) ~[tomcat-embed-core-10.1.16.jar:10.1.16]
	at java.base/java.util.concurrent.FutureTask.run(FutureTask.java:317) ~[na:na]
	at org.apache.tomcat.util.threads.InlineExecutorService.execute(InlineExecutorService.java:75) ~[tomcat-embed-core-10.1.16.jar:10.1.16]
	at java.base/java.util.concurrent.AbstractExecutorService.submit(AbstractExecutorService.java:145) ~[na:na]
	at org.apache.catalina.core.ContainerBase.stopInternal(ContainerBase.java:931) ~[tomcat-embed-core-10.1.16.jar:10.1.16]
	at org.apache.catalina.util.LifecycleBase.stop(LifecycleBase.java:242) ~[tomcat-embed-core-10.1.16.jar:10.1.16]
	at org.apache.catalina.core.StandardService.stopInternal(StandardService.java:496) ~[tomcat-embed-core-10.1.16.jar:10.1.16]
	at org.apache.catalina.util.LifecycleBase.stop(LifecycleBase.java:242) ~[tomcat-embed-core-10.1.16.jar:10.1.16]
	at org.apache.catalina.core.StandardServer.stopInternal(StandardServer.java:969) ~[tomcat-embed-core-10.1.16.jar:10.1.16]
	at org.apache.catalina.util.LifecycleBase.stop(LifecycleBase.java:242) ~[tomcat-embed-core-10.1.16.jar:10.1.16]
	at org.apache.catalina.startup.Tomcat.stop(Tomcat.java:498) ~[tomcat-embed-core-10.1.16.jar:10.1.16]
	at org.springframework.boot.web.embedded.tomcat.TomcatWebServer.stopTomcat(TomcatWebServer.java:277) ~[spring-boot-3.2.0.jar:3.2.0]
	at org.springframework.boot.web.embedded.tomcat.TomcatWebServer.destroy(TomcatWebServer.java:350) ~[spring-boot-3.2.0.jar:3.2.0]
	at org.springframework.boot.web.servlet.context.ServletWebServerApplicationContext.doClose(ServletWebServerApplicationContext.java:177) ~[spring-boot-3.2.0.jar:3.2.0]
	at org.springframework.context.support.AbstractApplicationContext.close(AbstractApplicationContext.java:1037) ~[spring-context-6.1.1.jar:6.1.1]
	at org.springframework.boot.SpringApplicationShutdownHook.closeAndWait(SpringApplicationShutdownHook.java:145) ~[spring-boot-3.2.0.jar:3.2.0]
	at java.base/java.lang.Iterable.forEach(Iterable.java:75) ~[na:na]
	at org.springframework.boot.SpringApplicationShutdownHook.run(SpringApplicationShutdownHook.java:114) ~[spring-boot-3.2.0.jar:3.2.0]
	at java.base/java.lang.Thread.run(Thread.java:1583) ~[na:na]
Caused by: java.nio.channels.ClosedChannelException: null
	at org.apache.tomcat.util.net.NioChannel$1.write(NioChannel.java:269) ~[tomcat-embed-core-10.1.16.jar:10.1.16]
	at org.apache.tomcat.util.net.NioEndpoint$NioSocketWrapper$NioOperationState.run(NioEndpoint.java:1635) ~[tomcat-embed-core-10.1.16.jar:10.1.16]
	at org.apache.tomcat.util.net.SocketWrapperBase$OperationState.start(SocketWrapperBase.java:1051) ~[tomcat-embed-core-10.1.16.jar:10.1.16]
	at org.apache.tomcat.util.net.SocketWrapperBase.vectoredOperation(SocketWrapperBase.java:1440) ~[tomcat-embed-core-10.1.16.jar:10.1.16]
	at org.apache.tomcat.util.net.SocketWrapperBase.write(SocketWrapperBase.java:1366) ~[tomcat-embed-core-10.1.16.jar:10.1.16]
	at org.apache.tomcat.util.net.SocketWrapperBase.write(SocketWrapperBase.java:1337) ~[tomcat-embed-core-10.1.16.jar:10.1.16]
	at org.apache.tomcat.websocket.server.WsRemoteEndpointImplServer.doWrite(WsRemoteEndpointImplServer.java:165) ~[tomcat-embed-websocket-10.1.16.jar:10.1.16]
	at org.apache.tomcat.websocket.WsRemoteEndpointImplBase.writeMessagePart(WsRemoteEndpointImplBase.java:516) ~[tomcat-embed-websocket-10.1.16.jar:10.1.16]
	at org.apache.tomcat.websocket.WsRemoteEndpointImplBase.sendMessageBlock(WsRemoteEndpointImplBase.java:308) ~[tomcat-embed-websocket-10.1.16.jar:10.1.16]
	... 37 common frames omitted

2026-03-01T00:36:03.285-08:00 DEBUG 50559 --- [chatflow-server] [SpringApplicationShutdownHook] o.s.w.s.adapter.NativeWebSocketSession   : Closing StandardWebSocketSession[id=5b0f00fb-69b8-6a0b-57c6-c6a6f3f48b68, uri=ws://localhost:8080/chat/1]
2026-03-01T00:36:03.286-08:00 DEBUG 50559 --- [chatflow-server] [SpringApplicationShutdownHook] s.w.s.h.LoggingWebSocketHandlerDecorator : StandardWebSocketSession[id=5b0f00fb-69b8-6a0b-57c6-c6a6f3f48b68, uri=ws://localhost:8080/chat/1] closed with CloseStatus[code=1001, reason=The web application is stopping]
2026-03-01T00:36:03.286-08:00  INFO 50559 --- [chatflow-server] [SpringApplicationShutdownHook] c.chatflow.handler.ChatWebSocketHandler  : WebSocket disconnected | Room: 1 | Session: 5b0f00fb-69b8-6a0b-57c6-c6a6f3f48b68 | Status: CloseStatus[code=1001, reason=The web application is stopping]
